✔ run and resume submit and commit an external Assignment exactly once (1095.796541ms)
✔ an uncertain submission is never repeated on resume (1065.252255ms)
✖ resume commits a durably accepted publication without resubmitting (491.328886ms)
✔ run refuses command provenance drift before preparing or submitting (460.956723ms)
✖ a clean extra commit is nonrecoverable on resume (1005.484206ms)
✖ changed executable bytes cannot be blessed by changing configured provenance (1004.234636ms)
✖ lost correction session is not fed shell stdin or restarted without controller resume support (558.314526ms)
✔ attended correction re-entry passes an operator-selected catalog decision to mdlm-pi (538.542024ms)
ℹ tests 8
ℹ suites 0
ℹ pass 4
ℹ fail 4
ℹ cancelled 0
ℹ skipped 0
ℹ todo 0
ℹ duration_ms 6362.762059

✖ failing tests:

test at test/run.test.mjs:104:1
✖ resume commits a durably accepted publication without resubmitting (491.328886ms)
  AssertionError [ERR_ASSERTION]: Expected values to be strictly equal:
  + actual - expected
  
  + 'stopped'
  - 'completed'
  
      at TestContext.<anonymous> (file:///home/ubuntu/git/mdlm-demo-orchestrator/test/run.test.mjs:123:10)
      at async Test.run (node:internal/test_runner/test:1389:7)
      at async Test.processPendingSubtests (node:internal/test_runner/test:960:7) {
    generatedMessage: true,
    code: 'ERR_ASSERTION',
    actual: 'stopped',
    expected: 'completed',
    operator: 'strictEqual',
    diff: 'simple'
  }

test at test/run.test.mjs:144:1
✖ a clean extra commit is nonrecoverable on resume (1005.484206ms)
  AssertionError [ERR_ASSERTION]: Expected values to be strictly equal:
  + actual - expected
  
  + undefined
  - 'repository-drift'
  
      at TestContext.<anonymous> (file:///home/ubuntu/git/mdlm-demo-orchestrator/test/run.test.mjs:158:10)
      at async Test.run (node:internal/test_runner/test:1389:7)
      at async Test.processPendingSubtests (node:internal/test_runner/test:960:7) {
    generatedMessage: true,
    code: 'ERR_ASSERTION',
    actual: undefined,
    expected: 'repository-drift',
    operator: 'strictEqual',
    diff: 'simple'
  }

test at test/run.test.mjs:163:1
✖ changed executable bytes cannot be blessed by changing configured provenance (1004.234636ms)
  AssertionError [ERR_ASSERTION]: Expected values to be strictly equal:
  + actual - expected
  
  + undefined
  - 'run-identity-drift'
  
      at TestContext.<anonymous> (file:///home/ubuntu/git/mdlm-demo-orchestrator/test/run.test.mjs:174:10)
      at async Test.run (node:internal/test_runner/test:1389:7)
      at async Test.processPendingSubtests (node:internal/test_runner/test:960:7) {
    generatedMessage: true,
    code: 'ERR_ASSERTION',
    actual: undefined,
    expected: 'run-identity-drift',
    operator: 'strictEqual',
    diff: 'simple'
  }

test at test/run.test.mjs:177:1
✖ lost correction session is not fed shell stdin or restarted without controller resume support (558.314526ms)
  AssertionError [ERR_ASSERTION]: Expected values to be strictly equal:
  + actual - expected
  
  + undefined
  - 'correction-session-lost'
  
      at TestContext.<anonymous> (file:///home/ubuntu/git/mdlm-demo-orchestrator/test/run.test.mjs:189:10)
      at async Test.run (node:internal/test_runner/test:1389:7)
      at async Test.processPendingSubtests (node:internal/test_runner/test:960:7) {
    generatedMessage: true,
    code: 'ERR_ASSERTION',
    actual: undefined,
    expected: 'correction-session-lost',
    operator: 'strictEqual',
    diff: 'simple'
  }
